no main manifest attribute, in C:/Users/hameed/Documents/GitHub/owlen/gradle/wrapper/gradle-wrapper.jar
